# DRGS - with limits so stuff shows up at reasonable zoom levels..
    LAYER
        name can_drg_250k
        type raster
        status on
        OFFSITE 0 0 0
        DATA "/ogc/bdl/drg/canmatrix_250k/canmatrix_250k_aa.vrt"
	
	include "includes/projections/alaska_albers_nad83.include.map"

        GROUP "DRG"

        DEBUG ON

        METADATA
              WMS_ABSTRACT "This layer contains scanned topographic maps of Canada from the National Topographic Series 1:250,000 scale paper mapspublished by Natural Resources Canada. "
                "wms_title"       "Ca Topos 1:250k"
                "wms_group_title" "DRG"
        END

    END



    LAYER
        name drg_2500k
        type raster
        status on
        OFFSITE 0 0 0
        DATA "/ogc/bdl/drg/250k/250k.aa.tif"

	include "includes/projections/alaska_albers_nad83.include.map"

        GROUP "DRG"

        DEBUG ON

        METADATA
              WMS_TITLE "DRG 250k"
              WMS_ABSTRACT "This layer includes Digital Raster Graphics (DRG) maps, composed of scanned images of the 1:2500k U.S. Geological Survey (USGS) standard series topographic maps. "
                "wms_title"       "DRG 1:2500k"
                "wms_group_title" "DRG"
        END

        MINSCALE 2500000
        MAXSCALE 2500000000

    END

    LAYER
        name drg_250k
        type raster
        status on
        OFFSITE 0 0 0
        DATA "/ogc/bdl/drg/250k/250k.aa.tif"
        include "includes/projections/alaska_albers_nad83.include.map"

        GROUP "DRG"

        DEBUG ON

        METADATA
              WMS_TITLE "DRG 250k"
              WMS_ABSTRACT "This layer includes Digital Raster Graphics (DRG) maps, composed of scanned images of the 1:250k U.S. Geological Survey (USGS) standard series topographic maps. "
                "wms_title"       "DRG 1:250k"
                "wms_group_title" "DRG"
        END

        MAXSCALE 2500000

    END



    LAYER
        name drg_63k
        type raster
        status on
        OFFSITE 0 0 0

        DATA "/ogc/bdl/drg/63k/63k.aa.vrt"
        include "includes/projections/alaska_albers_nad83.include.map"

        GROUP "DRG"

        DEBUG ON
        MAXSCALE 70000

        METADATA
              WMS_TITLE "DRG 63k"
              WMS_ABSTRACT "This layer includes Digital Raster Graphics (DRG) maps, composed of scanned images of the 1:63,360 U.S. Geological Survey (USGS) standard series topographic maps. "
                "wms_title"       "DRG 1:63k"
                "wms_group_title" "DRG"
        END

    END

    LAYER
        name drg_25k
        type raster
        status on
        OFFSITE 0 0 0

	DATA "/ogc/bdl/drg/25k/25k.aa.vrt"
        include "includes/projections/alaska_albers_nad83.include.map"

        GROUP "DRG"

        DEBUG ON
        MAXSCALE 40000

        METADATA
              WMS_TITLE "DRG 25k"
              WMS_ABSTRACT "This layer includes Digital Raster Graphics (DRG) maps, composed of scanned images of the 1:25k U.S. Geological Survey (USGS) standard series topographic maps. "
                "wms_title"       "DRG 1:25k"
                "wms_group_title" "DRG"
        END

    END

    LAYER
        name drg_24k
        type raster
        status on
        OFFSITE 0 0 0

        DATA "/ogc/bdl/drg/24k/24k.aa.tif"
        include "includes/projections/alaska_albers_nad83.include.map"

        GROUP "DRG"

        DEBUG ON
        MAXSCALE 24000

        METADATA
              WMS_TITLE "DRG 24k"
              WMS_ABSTRACT "This layer includes Digital Raster Graphics (DRG) maps, composed of scanned images of the 1:24k U.S. Geological Survey (USGS) standard series topographic maps. "
                "wms_title"       "DRG 1:24k"
                "wms_group_title" "DRG"
        END

    END


