# DRGS - with limits so stuff shows up at reasonable zoom levels..
    LAYER
        name drg_250k_shaded_no_limits
        type raster
        status on
        OFFSITE 0 0 0
        DATA "/ogc/bdl/drg/250k/250k.shaded.aa.tif"
        include "includes/projections/alaska_albers_nad83.include.map"

	GROUP "DRGs Hill Shaded Without Scale Limits"

        DEBUG ON

        METADATA
              WMS_TITLE "DRG 250k"
              WMS_ABSTRACT "This layer includes Digital Raster Graphics (DRG) maps, composed of scanned images of the 1:250k U.S. Geological Survey (USGS) standard series topographic maps. "
                "wms_title"       "DRG 1:250k"
                "wms_group_title" "DRGs Hill Shaded Without Scale Limits"
        END

    END



    LAYER
        name drg_63k_shaded_no_limits
        type raster
        status on
        OFFSITE 0 0 0

        DATA "/ogc/bdl/drg/63k/63k.shaded.aa.vrt"
        include "includes/projections/alaska_albers_nad83.include.map"

	GROUP "DRGs Hill Shaded Without Scale Limits"

        DEBUG ON

        METADATA
              WMS_TITLE "DRG 63k"
              WMS_ABSTRACT "This layer includes Digital Raster Graphics (DRG) maps, composed of scanned images of the 1:63,360 U.S. Geological Survey (USGS) standard series topographic maps.  A hillshade has been applied."
                "wms_title"       "DRG 1:63k"
                "wms_group_title" "DRGs Hill Shaded Without Scale Limits"
        END

    END

    LAYER
        name drg_25k_shaded_no_limits
        type raster
        status on
        OFFSITE 0 0 0

	DATA "/ogc/bdl/drg/25k/25k.shaded.aa.vrt"
        include "includes/projections/alaska_albers_nad83.include.map"

	GROUP "DRGs Hill Shaded Without Scale Limits"

        DEBUG ON

        METADATA
              WMS_TITLE "DRG 25k"
              WMS_ABSTRACT "This layer includes Digital Raster Graphics (DRG) maps, composed of scanned images of the 1:25k U.S. Geological Survey (USGS) standard series topographic maps.  A hillshade has been applied."
                "wms_title"       "DRG 1:25k"
                "wms_group_title" "DRGs Hill Shaded Without Scale Limits"
        END

    END

    LAYER
        name drg_24k_shaded_no_limits
        type raster
        status on
        OFFSITE 0 0 0

        DATA "/ogc/bdl/drg/24k/24k.shaded.aa.tif"
        include "includes/projections/alaska_albers_nad83.include.map"

	GROUP "DRGs Hill Shaded Without Scale Limits"

        DEBUG ON

        METADATA
              WMS_TITLE "DRG 24k"
              WMS_ABSTRACT "This layer includes Digital Raster Graphics (DRG) maps, composed of scanned images of the 1:24k U.S. Geological Survey (USGS) standard series topographic maps.  A hillshade has been applied."
                "wms_title"       "DRG 1:24k"
                "wms_group_title" "DRGs Hill Shaded Without Scale Limits"
        END

    END


