##################
#  1 METER
    LAYER
        name bdl_high_res_full
        type raster
        status on
        OFFSITE 0 0 0
        DEBUG ON
        TILEINDEX "/ogc/bdl/indexs/1m_full"
        #include "includes/projections/alaska_albers_nad83.include.map"
	PROJECTION
		"init=epsg:3338"
	END

	MAXSCALE 100000

        include "defaults/bdl_high_overview_metadata.include.map"
    END

    LAYER
        name bdl_high_res_overview
        type raster
        status on
        #OFFSITE 0 0 0
        DEBUG ON
        #DATA "/ogc/bdl/1_meter/overviews/bdl_4326.vrt"
	#DATA "/ogc/bdl/1_meter/generated_overviews/bdl_4326.vrt"
        TILEINDEX "/ogc/bdl/1_meter/generated_overviews/4326.shp"

        #include "includes/projections/4326.include.map"
	PROJECTION
             "init=epsg:4326"
        END


        MINSCALE 100000
        MAXSCALE 50000000

        include "defaults/bdl_high_overview_metadata.include.map"

    END

#******** END of bdl_high_res
#**************************************************************************************

