include "layers/faa_charts/3338/Anchorage_84_North.layer.map"
include "layers/faa_charts/3338/Dutch_Harbor_42_South.layer.map"
include "layers/faa_charts/3338/McGrath_51_South.layer.map"
include "layers/faa_charts/3338/Anchorage_84_South.layer.map"
include "layers/faa_charts/3338/Fairbanks_84_North.layer.map"
include "layers/faa_charts/3338/Nome_50_North.layer.map"
include "layers/faa_charts/3338/Bethel_51_North.layer.map"
include "layers/faa_charts/3338/Fairbanks_84_South.layer.map"
include "layers/faa_charts/3338/Nome_50_South.layer.map"
include "layers/faa_charts/3338/Bethel_51_South.layer.map"
include "layers/faa_charts/3338/Juneau_49_North.layer.map"
include "layers/faa_charts/3338/Point_Barrow_71_North.layer.map"
include "layers/faa_charts/3338/Cape_Lisburne_42_North.layer.map"
include "layers/faa_charts/3338/Juneau_49_South.layer.map"
include "layers/faa_charts/3338/Point_Barrow_71_South.layer.map"
include "layers/faa_charts/3338/Cape_Lisburne_42_South.layer.map"
include "layers/faa_charts/3338/Ketchikan_49_North.layer.map"
include "layers/faa_charts/3338/Seward_84.layer.map"
include "layers/faa_charts/3338/Cold_Bay_42.layer.map"
include "layers/faa_charts/3338/Ketchikan_49_South.layer.map"
include "layers/faa_charts/3338/Western_Aleutian_Islands_42_East.layer.map"
include "layers/faa_charts/3338/Dawson_42_North.layer.map"
include "layers/faa_charts/3338/Kodiak_49_North.layer.map"
include "layers/faa_charts/3338/Western_Aleutian_Islands_42_West.layer.map"
include "layers/faa_charts/3338/Dawson_42_South.layer.map"
include "layers/faa_charts/3338/Kodiak_49_South.layer.map"
include "layers/faa_charts/3338/Whitehorse_49_North.layer.map"
include "layers/faa_charts/3338/Dutch_Harbor_42_North.layer.map"
include "layers/faa_charts/3338/McGrath_51_North.layer.map"
include "layers/faa_charts/3338/Whitehorse_49_South.layer.map"

